2026-10-07T03:06:14Z INFO Logging to /tmp/logs/update_2026-10-07T03-06-14Z.log.
2026-10-07T03:06:14Z INFO Update valid-nwb-file-to-array-sizes (base directory /tmp).
2026-10-07T03:06:14Z INFO Processing 200 items (0 already recorded).
2026-10-07T03:06:16Z INFO [1/200] 00003b22-9c54-4d15-afae-42ea9816c146: 110 arrays, 0.8 MB stored; 1.4 s; peak memory 40 MiB.
2026-10-07T03:06:17Z INFO [2/200] 0000e170-82a4-40de-8624-9d9d4cb943bd: 48 arrays, 83.9 MB stored; 1.1 s; peak memory 40 MiB.
2026-10-07T03:06:18Z INFO [3/200] 0000e46c-3c99-4c3f-951f-fca17bb9a4fc: 48 arrays, 83.9 MB stored; 1.1 s; peak memory 40 MiB.
2026-10-07T03:06:19Z INFO [4/200] 0000e748-2757-4444-a6eb-a7d39a439f91: 70 arrays, 14.5 MB stored; 1.1 s; peak memory 40 MiB.
2026-10-07T03:06:20Z INFO [5/200] 000133f5-9960-4d12-94fe-5ba05fdf6ab9: 66 arrays, 69.6 MB stored; 1.4 s; peak memory 40 MiB.
2026-10-07T03:06:21Z INFO [6/200] 00014ffa-5ccc-4ff1-b0c4-9555d05a5644: 48 arrays, 83.9 MB stored; 1.2 s; peak memory 40 MiB.
2026-10-07T03:06:23Z INFO [7/200] 00026e3b-5eb4-431c-b902-c62945041d24: 71 arrays, 67.0 MB stored; 1.5 s; peak memory 40 MiB.
2026-10-07T03:06:24Z INFO [8/200] 0002d476-adf6-47ca-870b-7a62e87c6229: 48 arrays, 83.9 MB stored; 1.0 s; peak memory 40 MiB.
2026-10-07T03:06:25Z INFO [9/200] 0003847a-7c12-4074-a1ae-f09799c31c53: 48 arrays, 83.9 MB stored; 1.1 s; peak memory 40 MiB.
2026-10-07T03:06:27Z INFO [10/200] 0004137f-c6a3-4286-ad94-ed1f8cabe090: 112 arrays, 1.2 MB stored; 1.5 s; peak memory 41 MiB.
2026-10-07T03:06:28Z INFO [11/200] 0005433f-0b5c-454f-b9ac-8669d9be5e60: 116 arrays, 0.3 MB stored; 1.2 s; peak memory 41 MiB.
2026-10-07T03:06:29Z INFO [12/200] 0005de6a-f0a3-4655-bea0-c00f3249c62a: 66 arrays, 18.1 MB stored; 1.3 s; peak memory 41 MiB.
2026-10-07T03:06:30Z INFO [13/200] 00067434-f7b5-4e71-9263-56fe19e960c6: 118 arrays, 0.4 MB stored; 1.1 s; peak memory 41 MiB.
2026-10-07T03:06:31Z INFO [14/200] 000678d7-7b0d-4dd2-ab3d-61780e79ba3b: 117 arrays, 0.5 MB stored; 1.1 s; peak memory 41 MiB.
2026-10-07T03:06:32Z INFO [15/200] 0006b7a8-e570-48de-89ec-83f61ec6cf19: 132 arrays, 1.1 MB stored; 1.1 s; peak memory 41 MiB.
2026-10-07T03:06:36Z INFO [16/200] 000742e9-c4f8-4a21-ba63-afe6013bb98b: 208 arrays, 50.2 MB stored; 3.2 s; peak memory 41 MiB.
2026-10-07T03:06:40Z INFO [17/200] 00075f2d-5a49-4673-b963-0999c63a9e87: 196 arrays, 537.8 MB stored; 4.3 s; peak memory 41 MiB.
2026-10-07T03:06:41Z INFO [18/200] 0007e35a-627a-49a6-a20c-f9b599c7838c: 48 arrays, 83.9 MB stored; 1.0 s; peak memory 41 MiB.
2026-10-07T03:06:42Z INFO [19/200] 00084687-c098-4015-a603-2e309a73e8b2: 48 arrays, 83.9 MB stored; 1.0 s; peak memory 41 MiB.
2026-10-07T03:07:49Z INFO [20/200] 00089114-fc52-4421-b143-a0e6d0b07ef2: 49 arrays, 4777.7 MB stored; 67.3 s; peak memory 41 MiB.
2026-10-07T03:07:52Z INFO [21/200] 0008b484-d72c-494c-b6c3-ebeff4c5ace4: 48 arrays, 35.2 MB stored; 2.7 s; peak memory 42 MiB.
2026-10-07T03:07:53Z INFO [22/200] 0008b944-8e95-4cad-807d-74f5a5156323: 116 arrays, 0.5 MB stored; 1.2 s; peak memory 42 MiB.
2026-10-07T03:07:55Z INFO [23/200] 0009dc81-b4e5-49c0-8c36-2d305195743f: 66 arrays, 17.9 MB stored; 1.3 s; peak memory 42 MiB.
2026-10-07T03:07:56Z INFO [24/200] 0009de64-daf3-4ebe-b0d9-3e95cd5d4d24: 117 arrays, 0.3 MB stored; 1.0 s; peak memory 42 MiB.
2026-10-07T03:08:10Z INFO [25/200] 000a48de-cdd7-4ffb-a5df-93aacccc66cb: 7730 arrays, 74.5 MB stored; 14.4 s; peak memory 52 MiB.
2026-10-07T03:08:11Z INFO [26/200] 000b02ab-68a5-49dd-8f53-28fcd3b85b6f: 112 arrays, 0.8 MB stored; 1.3 s; peak memory 52 MiB.
2026-10-07T03:08:12Z INFO [27/200] 000b22cb-0ef1-451f-8b09-0b77bf6c5c90: 48 arrays, 83.9 MB stored; 1.0 s; peak memory 52 MiB.
2026-10-07T03:08:13Z INFO [28/200] 000b9e9b-c5a7-471a-b1ea-17cc5304455a: 48 arrays, 83.9 MB stored; 1.0 s; peak memory 52 MiB.
2026-10-07T03:08:14Z INFO [29/200] 000bec52-457e-4866-ad1e-22eccf26f7ac: 48 arrays, 83.9 MB stored; 0.9 s; peak memory 52 MiB.
2026-10-07T03:08:16Z INFO [30/200] 000c8910-ac2f-41b5-9312-7405d610964c: 115 arrays, 190.0 MB stored; 2.1 s; peak memory 52 MiB.
2026-10-07T03:08:20Z INFO [31/200] 000d12fc-d05c-4eb4-afbf-0499e2ac7ee4: 714 arrays, 19.6 MB stored; 4.1 s; peak memory 53 MiB.
2026-10-07T03:08:21Z INFO [32/200] 000e0905-24f2-43d2-9dd0-9db5739229ec: 48 arrays, 83.9 MB stored; 1.0 s; peak memory 53 MiB.
2026-10-07T03:08:22Z INFO [33/200] 000e77ee-4be9-4c88-8f73-c4c1ac297996: 21 arrays, 0.6 MB stored; 0.8 s; peak memory 53 MiB.
2026-10-07T03:08:23Z INFO [34/200] 000ec801-cb21-4d60-b050-36e80406624a: 48 arrays, 83.9 MB stored; 1.0 s; peak memory 53 MiB.
2026-10-07T03:08:25Z INFO [35/200] 000f734b-c065-4a88-9d48-080851872228: 38 arrays, 34.3 MB stored; 1.6 s; peak memory 53 MiB.
2026-10-07T03:08:26Z INFO [36/200] 000f95d8-999a-4507-bec2-357530948b41: 48 arrays, 83.9 MB stored; 1.1 s; peak memory 53 MiB.
2026-10-07T03:08:27Z INFO [37/200] 000fbc05-3a04-4a20-a95e-3010eb78aa58: 48 arrays, 83.9 MB stored; 1.0 s; peak memory 53 MiB.
2026-10-07T03:08:28Z INFO [38/200] 000ff5bf-f2a2-448c-abb4-e72613d6e6a3: 46 arrays, 0.0 MB stored; 0.7 s; peak memory 53 MiB.
2026-10-07T03:08:34Z INFO [39/200] 001053b5-ecfc-49cc-9d02-b095e2e251ff: 82 arrays, 402.4 MB stored; 6.4 s; peak memory 53 MiB.
2026-10-07T03:08:35Z INFO [40/200] 00108e15-4b0f-4a98-b6ea-0b3851c7f081: 48 arrays, 83.9 MB stored; 1.0 s; peak memory 53 MiB.
2026-10-07T03:08:36Z INFO [41/200] 0010a6ff-f85c-4885-82d9-348f296ff185: 117 arrays, 0.4 MB stored; 1.1 s; peak memory 53 MiB.
2026-10-07T03:08:37Z INFO [42/200] 0010d249-2f26-4b30-b640-17e17a9564ec: 48 arrays, 83.9 MB stored; 1.2 s; peak memory 53 MiB.
2026-10-07T03:08:38Z INFO [43/200] 0010d8bb-b651-4747-b650-e78f193422c9: 50 arrays, 0.0 MB stored; 0.8 s; peak memory 53 MiB.
2026-10-07T03:08:40Z INFO [44/200] 0010fe5c-66a4-49cd-8f7a-1f221642d949: 115 arrays, 190.2 MB stored; 1.9 s; peak memory 53 MiB.
2026-10-07T03:09:35Z INFO [45/200] 00116184-d6db-4092-89ca-81222a2be50b: 87 arrays, 2656.3 MB stored; 54.5 s; peak memory 54 MiB.
2026-10-07T03:09:51Z INFO [46/200] 00116668-1e2f-4416-a165-a628b0c3e769: 5122 arrays, 68.7 MB stored; 16.5 s; peak memory 58 MiB.
2026-10-07T03:09:55Z INFO [47/200] 0011fe8f-ae95-41c3-8d73-c7c0d111b1f8: 229 arrays, 440.9 MB stored; 4.0 s; peak memory 59 MiB.
2026-10-07T03:09:56Z INFO [48/200] 0012acd5-5492-445e-b9f4-ae783c8eb7c8: 64 arrays, 17.6 MB stored; 1.3 s; peak memory 59 MiB.
2026-10-07T03:09:57Z INFO [49/200] 001366a1-3cd2-4ee0-a74b-b590d4694036: 117 arrays, 0.3 MB stored; 1.0 s; peak memory 59 MiB.
2026-10-07T03:09:58Z INFO [50/200] 0013b629-f9a8-4013-9ace-587e48dbbbfe: 116 arrays, 0.3 MB stored; 1.0 s; peak memory 59 MiB.
2026-10-07T03:09:58Z INFO [50/200] 0013b629-f9a8-4013-9ace-587e48dbbbfe: checkpointed 50 records.
2026-10-07T03:09:59Z INFO [51/200] 0013c8ec-fc47-4968-8fac-e155c84d076e: 48 arrays, 83.9 MB stored; 1.1 s; peak memory 62 MiB.
2026-10-07T03:10:02Z INFO [52/200] 0013d48f-52f0-4350-92b0-f29fc65d9f18: 224 arrays, 14.6 MB stored; 2.6 s; peak memory 62 MiB.
2026-10-07T03:10:04Z INFO [53/200] 00146289-2334-496e-acfc-5d813a78e7b5: 119 arrays, 66.3 MB stored; 1.7 s; peak memory 62 MiB.
2026-10-07T03:10:05Z INFO [54/200] 0014dd0e-113b-4bfc-a983-85de6f48df77: 116 arrays, 0.3 MB stored; 1.2 s; peak memory 62 MiB.
2026-10-07T03:10:06Z INFO [55/200] 0014dec8-fde2-47ac-a7b1-14cf6f6a9cad: 117 arrays, 0.4 MB stored; 1.1 s; peak memory 62 MiB.
2026-10-07T03:10:07Z INFO [56/200] 0014f9c7-3418-4aec-bb6f-d0b1c86c181b: 48 arrays, 83.9 MB stored; 1.0 s; peak memory 62 MiB.
2026-10-07T03:10:08Z INFO [57/200] 00154599-4f72-4c5c-98ce-80a03707f4d3: 117 arrays, 0.4 MB stored; 1.2 s; peak memory 62 MiB.
2026-10-07T03:10:09Z INFO [58/200] 0015b77e-28d5-4583-a680-fb33489f1862: 46 arrays, 0.0 MB stored; 0.8 s; peak memory 62 MiB.
2026-10-07T03:10:11Z INFO [59/200] 00160069-4bd1-4bb1-913f-5bba56b550b4: 71 arrays, 4.1 MB stored; 1.5 s; peak memory 62 MiB.
2026-10-07T03:10:12Z INFO [60/200] 00172de2-8ad0-4777-ad64-a9fc6d069c18: 110 arrays, 0.9 MB stored; 1.3 s; peak memory 62 MiB.
2026-10-07T03:10:13Z INFO [61/200] 00176c22-3d04-4ff0-a490-b526060ed457: 48 arrays, 83.9 MB stored; 0.9 s; peak memory 62 MiB.
2026-10-07T03:10:15Z INFO [62/200] 00176fb5-86a2-46d0-ab24-2095cff9cbd5: 115 arrays, 190.1 MB stored; 2.2 s; peak memory 62 MiB.
2026-10-07T03:10:16Z INFO [63/200] 0017ae64-7a23-48f9-885e-16e8d1418c48: 48 arrays, 83.9 MB stored; 1.0 s; peak memory 62 MiB.
2026-10-07T03:10:17Z INFO [64/200] 0017f87a-75ad-41b2-b2e9-46f9f732eb6e: 53 arrays, 0.0 MB stored; 0.7 s; peak memory 62 MiB.
2026-10-07T03:10:18Z INFO [65/200] 00181fe8-3f7e-478f-9bef-ff2dae95df5e: 38 arrays, 36.5 MB stored; 1.7 s; peak memory 62 MiB.
2026-10-07T03:10:20Z INFO [66/200] 00182c21-bcce-4c0d-a15d-e0638936577b: 53 arrays, 9.0 MB stored; 1.4 s; peak memory 62 MiB.
2026-10-07T03:12:14Z INFO [67/200] 00182f86-45ac-41db-a353-8c6f6208bca6: 167 arrays, 21234.9 MB stored; 114.0 s; peak memory 62 MiB.
2026-10-07T03:12:15Z INFO [68/200] 0018671e-40cc-457d-abb8-77846cc42f07: 247 arrays, 17.1 MB stored; 1.4 s; peak memory 62 MiB.
2026-10-07T03:12:16Z INFO [69/200] 0018aefc-d524-4bba-bd30-e3869b7ad6c9: 62 arrays, 2890.9 MB stored; 1.2 s; peak memory 62 MiB.
2026-10-07T03:12:21Z INFO [70/200] 0018e8a5-7c98-4dfc-ac26-5a423158ca59: 56 arrays, 72.0 MB stored; 5.0 s; peak memory 62 MiB.
2026-10-07T03:12:23Z INFO [71/200] 00190572-8115-4486-93ae-cf7f4b782b0b: 92 arrays, 5.6 MB stored; 1.1 s; peak memory 62 MiB.
2026-10-07T03:12:35Z INFO [72/200] 00191182-4939-4c60-bc8c-e45b82e83048: 44 arrays, 10608.1 MB stored; 12.1 s; peak memory 62 MiB.
2026-10-07T03:12:36Z INFO [73/200] 0019263e-a81e-4673-8d24-4bb7fc2dc3f3: 48 arrays, 83.9 MB stored; 1.2 s; peak memory 62 MiB.
2026-10-07T03:14:30Z INFO [74/200] 00193194-5422-4028-964c-79e521cdeb9c: 167 arrays, 21102.4 MB stored; 114.5 s; peak memory 62 MiB.
2026-10-07T03:15:09Z INFO [75/200] 00194868-a4cc-411e-858f-412954c5aba0: 2188 arrays, 1762.2 MB stored; 38.2 s; peak memory 64 MiB.
2026-10-07T03:15:10Z INFO [76/200] 0019b79d-a4ff-48f6-86d5-6218c718d284: 48 arrays, 83.9 MB stored; 1.0 s; peak memory 64 MiB.
2026-10-07T03:15:11Z INFO [77/200] 001a3178-449c-410b-95ba-760a3ccae580: 48 arrays, 83.9 MB stored; 1.1 s; peak memory 64 MiB.
2026-10-07T03:15:12Z INFO [78/200] 001a4d59-9bf8-4474-9124-1c72eae4ba53: 54 arrays, 8672.3 MB stored; 1.3 s; peak memory 64 MiB.
2026-10-07T03:15:13Z INFO [79/200] 001bd37f-b363-4b7c-943d-abad28d43621: 112 arrays, 0.5 MB stored; 1.3 s; peak memory 64 MiB.
2026-10-07T03:15:15Z INFO [80/200] 001c2f7e-225b-4641-927f-17465248a69c: 117 arrays, 0.3 MB stored; 1.3 s; peak memory 64 MiB.
2026-10-07T03:15:17Z INFO [81/200] 001cc315-ce45-47f4-b577-cfafb5805c56: 115 arrays, 190.1 MB stored; 2.0 s; peak memory 64 MiB.
2026-10-07T03:15:18Z INFO [82/200] 001d027b-335e-475f-9df1-1864c18b616d: 48 arrays, 83.9 MB stored; 1.0 s; peak memory 64 MiB.
2026-10-07T03:15:22Z INFO [83/200] 001d976d-8797-439a-ab0e-1256bc50bb7c: 804 arrays, 16.2 MB stored; 4.7 s; peak memory 65 MiB.
2026-10-07T03:15:23Z INFO [84/200] 001e95e1-fb5c-4576-a08f-c4f42f583fc7: 48 arrays, 83.9 MB stored; 0.9 s; peak memory 65 MiB.
2026-10-07T03:15:25Z INFO [85/200] 0020f960-db55-42f8-b7cb-b8280ef1167c: 112 arrays, 0.8 MB stored; 1.6 s; peak memory 65 MiB.
2026-10-07T03:15:29Z INFO [86/200] 00210df5-7865-4181-8139-76896e091208: 92 arrays, 96.2 MB stored; 3.8 s; peak memory 66 MiB.
2026-10-07T03:15:30Z INFO [87/200] 0021336d-c31a-4496-ac94-26c1139dcd46: 51 arrays, 0.0 MB stored; 0.9 s; peak memory 66 MiB.
2026-10-07T03:15:32Z INFO [88/200] 0021396a-2d58-437d-b594-cbaadc949466: 116 arrays, 187.1 MB stored; 2.2 s; peak memory 66 MiB.
2026-10-07T03:15:33Z INFO [89/200] 0021ec27-9454-4db5-9a06-1bf0808d373c: 52 arrays, 21.3 MB stored; 1.1 s; peak memory 66 MiB.
2026-10-07T03:15:34Z INFO [90/200] 00221bac-af0c-4fef-b0b8-0356b0ed788c: 52 arrays, 0.0 MB stored; 0.8 s; peak memory 66 MiB.
2026-10-07T03:15:34Z INFO [91/200] 0022edea-ff0e-4fff-8b34-34c6db507537: 38 arrays, 0.5 MB stored; 0.9 s; peak memory 66 MiB.
2026-10-07T03:15:35Z INFO [92/200] 0023413f-a4fd-4025-bf5b-0afedc5cce22: 118 arrays, 0.3 MB stored; 1.0 s; peak memory 66 MiB.
2026-10-07T03:15:36Z INFO [93/200] 0023d92c-4431-479c-9493-4983a9735416: 48 arrays, 83.9 MB stored; 1.0 s; peak memory 66 MiB.
2026-10-07T03:15:37Z INFO [94/200] 00242240-677f-4014-b02c-6ffe49f9b263: 48 arrays, 83.9 MB stored; 1.0 s; peak memory 66 MiB.
2026-10-07T03:15:39Z INFO [95/200] 0024808a-2c7e-4aad-9383-7fad2aace4a1: 117 arrays, 0.4 MB stored; 1.2 s; peak memory 66 MiB.
2026-10-07T03:15:40Z INFO [96/200] 0025aaa3-a074-447a-bb8d-f1cbbb334167: 117 arrays, 0.2 MB stored; 1.1 s; peak memory 66 MiB.
2026-10-07T03:15:42Z INFO [97/200] 0025c5d2-5c1b-430e-971b-59120dc17422: 156 arrays, 193.4 MB stored; 2.1 s; peak memory 66 MiB.
2026-10-07T03:15:43Z INFO [98/200] 0025d4ca-fee2-439e-b9e3-7606c220b28c: 48 arrays, 83.9 MB stored; 0.9 s; peak memory 66 MiB.
2026-10-07T03:15:44Z INFO [99/200] 002602ed-56bb-4d1b-bea3-20121f918f10: 112 arrays, 0.7 MB stored; 1.2 s; peak memory 67 MiB.
2026-10-07T03:15:45Z INFO [100/200] 00264e53-4d17-4b40-bb65-2e8d5086f7b3: 48 arrays, 83.9 MB stored; 0.9 s; peak memory 67 MiB.
2026-10-07T03:15:45Z INFO [100/200] 00264e53-4d17-4b40-bb65-2e8d5086f7b3: checkpointed 100 records.
2026-10-07T03:15:46Z INFO [101/200] 00281848-757f-4ab9-9a7b-57fa780985f0: 117 arrays, 0.3 MB stored; 1.1 s; peak memory 70 MiB.
2026-10-07T03:15:50Z INFO [102/200] 00291f4b-4137-4f78-9ac9-6878d15c5012: 225 arrays, 281.9 MB stored; 3.8 s; peak memory 70 MiB.
2026-10-07T03:15:51Z INFO [103/200] 00295589-c586-464e-bb3f-8b9873c00f92: 52 arrays, 1.3 MB stored; 1.0 s; peak memory 70 MiB.
2026-10-07T03:15:52Z INFO [104/200] 00297fd8-f21b-4c6b-a75b-545e3df19e44: 48 arrays, 83.9 MB stored; 1.0 s; peak memory 70 MiB.
2026-10-07T03:15:53Z INFO [105/200] 0029c607-aa4a-4122-81f7-6f69547c841a: 48 arrays, 83.9 MB stored; 1.0 s; peak memory 70 MiB.
2026-10-07T03:15:54Z INFO [106/200] 002a5936-96eb-43bc-ab0c-2a53a9a9f304: 116 arrays, 0.4 MB stored; 1.1 s; peak memory 70 MiB.
2026-10-07T03:15:55Z INFO [107/200] 002aa2bb-c4d2-4e2d-8d06-5eb96dcfb1d5: 56 arrays, 0.0 MB stored; 1.0 s; peak memory 70 MiB.
2026-10-07T03:17:56Z INFO [108/200] 002abb9e-f7a8-43a0-b0e0-01630b0b3958: 280 arrays, 22249.4 MB stored; 121.1 s; peak memory 70 MiB.
2026-10-07T03:18:19Z INFO [109/200] 002ac526-aa6b-4cc7-b113-b50a723f6924: 94 arrays, 1527.9 MB stored; 23.1 s; peak memory 70 MiB.
2026-10-07T03:18:23Z INFO [110/200] 002ac9ed-e1d9-4f0f-a296-8c04d55f13ff: 152 arrays, 394.6 MB stored; 4.3 s; peak memory 70 MiB.
2026-10-07T03:18:24Z INFO [111/200] 002b7164-b52e-4c31-bae4-d3e20be1b6b2: 52 arrays, 11.8 MB stored; 1.0 s; peak memory 70 MiB.
2026-10-07T03:18:26Z INFO [112/200] 002bb7f3-dc7c-4676-97d3-d1a3459e8010: 115 arrays, 14.2 MB stored; 1.6 s; peak memory 70 MiB.
2026-10-07T03:18:27Z INFO [113/200] 002cc134-7019-45cc-972b-3cef8ae7b8d2: 35 arrays, 0.0 MB stored; 0.9 s; peak memory 70 MiB.
2026-10-07T03:18:28Z INFO [114/200] 002cfea7-9476-41da-8aae-f596b77291fd: 289 arrays, 17.1 MB stored; 1.3 s; peak memory 70 MiB.
2026-10-07T03:18:30Z INFO [115/200] 002d054f-fee4-457a-9889-e9700052296f: 150 arrays, 432.7 MB stored; 2.0 s; peak memory 70 MiB.
2026-10-07T03:18:31Z INFO [116/200] 002d1546-7ca9-4758-953b-c6ca1ea859c8: 70 arrays, 3.9 MB stored; 1.1 s; peak memory 70 MiB.
2026-10-07T03:18:33Z INFO [117/200] 002d3277-6769-4577-ab21-847d74acdf97: 118 arrays, 0.4 MB stored; 1.2 s; peak memory 70 MiB.
2026-10-07T03:18:34Z INFO [118/200] 002d62c9-223e-48f7-a8fb-6969a3d7ad1a: 112 arrays, 0.8 MB stored; 1.1 s; peak memory 70 MiB.
2026-10-07T03:18:35Z INFO [119/200] 002d760a-61e3-46fd-b2cf-936fcc132962: 48 arrays, 83.9 MB stored; 0.9 s; peak memory 70 MiB.
2026-10-07T03:18:36Z INFO [120/200] 002ddd46-bad0-449e-a75c-6150ae34d809: 61 arrays, 1.1 MB stored; 1.0 s; peak memory 70 MiB.
2026-10-07T03:18:37Z INFO [121/200] 002e1151-ed9a-46db-8b5b-4a8ee35c241c: 52 arrays, 9.5 MB stored; 1.0 s; peak memory 70 MiB.
2026-10-07T03:18:38Z INFO [122/200] 002e3297-b40f-4e5f-9a09-f45397f62c6e: 68 arrays, 13.8 MB stored; 1.1 s; peak memory 70 MiB.
2026-10-07T03:18:39Z INFO [123/200] 002f3385-e211-42ca-b52f-e77bee89db35: 117 arrays, 0.3 MB stored; 1.0 s; peak memory 70 MiB.
2026-10-07T03:18:42Z INFO [124/200] 002f9df1-b5df-4dea-a149-8d820730ae2e: 423 arrays, 9.3 MB stored; 2.9 s; peak memory 70 MiB.
2026-10-07T03:18:43Z INFO [125/200] 002fcb36-8f2c-45d0-a12d-b9c830558ec3: 49 arrays, 1.7 MB stored; 1.1 s; peak memory 70 MiB.
2026-10-07T03:18:51Z INFO [126/200] 002feed0-761b-41d0-a44c-05141a9cbe5f: 1533 arrays, 33.9 MB stored; 7.9 s; peak memory 71 MiB.
2026-10-07T03:18:52Z INFO [127/200] 002ff18b-5936-4c4c-b58c-635a17648fb9: 69 arrays, 0.0 MB stored; 1.0 s; peak memory 71 MiB.
2026-10-07T03:18:57Z INFO [128/200] 00300899-b8a7-4b79-ae68-81395e08284f: 194 arrays, 1138.7 MB stored; 5.7 s; peak memory 71 MiB.
2026-10-07T03:18:59Z INFO [129/200] 003080ee-e80a-4471-9945-4100d84043eb: 71 arrays, 165.8 MB stored; 1.5 s; peak memory 71 MiB.
2026-10-07T03:19:00Z INFO [130/200] 00308747-0c81-4dc1-bf5c-cbda3e0df99c: 112 arrays, 0.5 MB stored; 1.2 s; peak memory 71 MiB.
2026-10-07T03:19:01Z INFO [131/200] 0030d9e3-fb22-4e08-951b-35c01f263d89: 74 arrays, 4.6 MB stored; 1.0 s; peak memory 71 MiB.
2026-10-07T03:19:02Z INFO [132/200] 00310479-eca6-4b27-ab5e-7631ee509343: 112 arrays, 0.3 MB stored; 1.0 s; peak memory 71 MiB.
2026-10-07T03:19:03Z INFO [133/200] 00312671-394c-46f6-b98c-f936bed95338: 48 arrays, 83.9 MB stored; 1.1 s; peak memory 72 MiB.
2026-10-07T03:19:04Z INFO [134/200] 003167c5-98c9-46ab-927e-a6c5b47b2eb6: 110 arrays, 0.8 MB stored; 1.2 s; peak memory 72 MiB.
2026-10-07T03:19:09Z INFO [135/200] 0031b378-48e7-4953-bc50-6eb9dc411504: 1146 arrays, 12.6 MB stored; 4.4 s; peak memory 73 MiB.
2026-10-07T03:19:10Z INFO [136/200] 0032bcbb-550a-4b84-b331-d84f049e6e8f: 77 arrays, 0.3 MB stored; 1.1 s; peak memory 73 MiB.
2026-10-07T03:19:11Z INFO [137/200] 00331483-0a11-4ac7-bc4c-6101a2d9c623: 303 arrays, 17.2 MB stored; 1.2 s; peak memory 73 MiB.
2026-10-07T03:19:12Z INFO [138/200] 00342aff-32cc-4953-984c-628d30176753: 48 arrays, 83.9 MB stored; 1.0 s; peak memory 73 MiB.
2026-10-07T03:19:14Z INFO [139/200] 003460dd-9a14-4b09-8ff7-ca9e19b1aebb: 118 arrays, 66.2 MB stored; 1.5 s; peak memory 73 MiB.
2026-10-07T03:19:17Z INFO [140/200] 00346f6c-3c70-497d-ab91-44d0bb6a56ff: 727 arrays, 11.1 MB stored; 3.8 s; peak memory 74 MiB.
2026-10-07T03:19:18Z INFO [141/200] 00347a66-f6b4-4cb6-9c8a-afb0a61e6f0b: 117 arrays, 0.4 MB stored; 0.9 s; peak memory 74 MiB.
2026-10-07T03:19:19Z INFO [142/200] 0034b854-3d60-4ca0-873f-ff8b93341655: 56 arrays, 0.0 MB stored; 0.8 s; peak memory 74 MiB.
2026-10-07T03:19:20Z INFO [143/200] 0034c226-5a7d-48e3-8aa7-8e9b6314ad95: 48 arrays, 83.9 MB stored; 0.9 s; peak memory 74 MiB.
2026-10-07T03:19:22Z INFO [144/200] 0034e7b5-684c-4876-bd6c-7744040fe5e9: 154 arrays, 339.0 MB stored; 2.3 s; peak memory 75 MiB.
2026-10-07T03:19:23Z INFO [145/200] 00360778-1042-4ae4-87de-fdbdf6b19e2c: 38 arrays, 0.5 MB stored; 1.0 s; peak memory 75 MiB.
2026-10-07T03:19:28Z INFO [146/200] 00363ae6-c781-435c-9c9a-243273382c00: 193 arrays, 817.2 MB stored; 4.8 s; peak memory 75 MiB.
2026-10-07T03:19:29Z INFO [147/200] 00365e29-bf14-4b00-89f7-50d53dddd641: 117 arrays, 0.2 MB stored; 1.2 s; peak memory 75 MiB.
2026-10-07T03:19:31Z INFO [148/200] 003721fd-a574-4610-a9c0-db4b57cfc960: 112 arrays, 0.6 MB stored; 1.2 s; peak memory 75 MiB.
2026-10-07T03:19:32Z INFO [149/200] 00375f4e-fb17-48e9-9ec8-45f489c3b54c: 45 arrays, 727.0 MB stored; 1.3 s; peak memory 75 MiB.
2026-10-07T03:19:33Z INFO [150/200] 0037ac2a-1eed-41be-a6cd-1be1897d8ac7: 48 arrays, 83.9 MB stored; 1.0 s; peak memory 75 MiB.
2026-10-07T03:19:33Z INFO [150/200] 0037ac2a-1eed-41be-a6cd-1be1897d8ac7: checkpointed 150 records.
2026-10-07T03:19:34Z INFO [151/200] 0037bc80-93c3-4130-8753-c0410f540fd3: 48 arrays, 83.9 MB stored; 1.0 s; peak memory 78 MiB.
2026-10-07T03:19:35Z INFO [152/200] 0038148d-05dc-49c9-92e5-7ceb84202680: 118 arrays, 0.7 MB stored; 1.3 s; peak memory 78 MiB.
2026-10-07T03:19:36Z INFO [153/200] 0038fb58-37b6-4f17-8979-66c5a0b836bf: 70 arrays, 16.2 MB stored; 1.1 s; peak memory 78 MiB.
2026-10-07T03:19:37Z INFO [154/200] 0039ac4d-c76c-42f4-9665-3591310539ff: 36 arrays, 2.6 MB stored; 0.8 s; peak memory 78 MiB.
2026-10-07T03:19:39Z INFO [155/200] 003a0fd8-cd67-4f04-9bc8-869001a7e0e6: 38 arrays, 36.4 MB stored; 1.7 s; peak memory 78 MiB.
2026-10-07T03:19:40Z INFO [156/200] 003a1650-f7e6-4274-9a2a-71d461650694: 48 arrays, 83.9 MB stored; 1.0 s; peak memory 78 MiB.
2026-10-07T03:19:41Z INFO [157/200] 003ae417-f3ae-4f61-9f89-6e737383ede8: 117 arrays, 0.2 MB stored; 1.0 s; peak memory 78 MiB.
2026-10-07T03:19:42Z INFO [158/200] 003bb3c0-5451-4413-9d2c-342bab7f1c58: 112 arrays, 0.7 MB stored; 1.1 s; peak memory 78 MiB.
2026-10-07T03:19:43Z INFO [159/200] 003bc7d4-dd63-4e30-aac5-cd84722aed7a: 112 arrays, 0.7 MB stored; 1.3 s; peak memory 78 MiB.
2026-10-07T03:19:44Z INFO [160/200] 003c1035-66ee-4bd6-812e-9e39cb2e55ab: 46 arrays, 0.1 MB stored; 0.7 s; peak memory 78 MiB.
2026-10-07T03:19:50Z INFO [161/200] 003c6114-2d14-43ec-9acb-3d21e9703394: 878 arrays, 33.3 MB stored; 6.3 s; peak memory 78 MiB.
2026-10-07T03:20:00Z INFO [162/200] 003c6438-94bb-401d-b426-d125ccdd15a4: 106 arrays, 22282.6 MB stored; 10.1 s; peak memory 78 MiB.
2026-10-07T03:20:01Z INFO [163/200] 003ce2a3-4231-4b10-8d65-d8fe1051da7b: 48 arrays, 83.9 MB stored; 1.0 s; peak memory 78 MiB.
2026-10-07T03:20:02Z INFO [164/200] 003ce4dc-b47d-4dff-898a-a78955c4b365: 112 arrays, 0.7 MB stored; 1.3 s; peak memory 78 MiB.
2026-10-07T03:20:03Z INFO [165/200] 003cf129-6325-4e2d-a81b-13608c2e5720: 46 arrays, 0.2 MB stored; 0.8 s; peak memory 78 MiB.
2026-10-07T03:20:09Z INFO [166/200] 003d2325-0b4f-434a-9be1-0e08aa3d6aff: 107 arrays, 80.9 MB stored; 6.0 s; peak memory 78 MiB.
2026-10-07T03:20:10Z INFO [167/200] 003d7b97-5b45-450b-9502-534cf2784d67: 48 arrays, 83.9 MB stored; 1.0 s; peak memory 78 MiB.
2026-10-07T03:20:11Z INFO [168/200] 003e6893-7926-43af-a688-ec1e3a6a09f6: 50 arrays, 1.4 MB stored; 0.9 s; peak memory 78 MiB.
2026-10-07T03:20:12Z INFO [169/200] 00403f21-1b56-4f51-8715-aaa3f6326886: 112 arrays, 0.6 MB stored; 1.2 s; peak memory 78 MiB.
2026-10-07T03:20:14Z INFO [170/200] 0040ea82-be68-4aa9-b37b-dc6137e2f2b7: 119 arrays, 51.4 MB stored; 1.6 s; peak memory 78 MiB.
2026-10-07T03:20:15Z INFO [171/200] 00411543-2292-41ab-af4f-8c4e03ad8ea4: 48 arrays, 83.9 MB stored; 1.1 s; peak memory 78 MiB.
2026-10-07T03:20:16Z INFO [172/200] 004152c6-ca4c-4c01-b4fb-dba5eec5bc94: 116 arrays, 0.3 MB stored; 1.1 s; peak memory 78 MiB.
2026-10-07T03:20:17Z INFO [173/200] 00416f38-6fcb-46c8-bf55-57111489243e: 71 arrays, 4.8 MB stored; 1.2 s; peak memory 78 MiB.
2026-10-07T03:20:18Z INFO [174/200] 00424c50-6f27-4845-a06c-11709d67598b: 54 arrays, 0.0 MB stored; 0.8 s; peak memory 78 MiB.
2026-10-07T03:20:39Z INFO [175/200] 00430d9a-dd02-4cb1-aeea-87e44b6f968d: 48 arrays, 40273.0 MB stored; 20.9 s; peak memory 78 MiB.
2026-10-07T03:20:40Z INFO [176/200] 00437ae8-9b9c-48ba-9e0b-5c2d32baa1bd: 117 arrays, 0.5 MB stored; 1.0 s; peak memory 78 MiB.
2026-10-07T03:20:41Z INFO [177/200] 0043c414-eef0-47c1-b50a-b004b3261984: 117 arrays, 0.3 MB stored; 1.0 s; peak memory 78 MiB.
2026-10-07T03:20:42Z INFO [178/200] 0043ca08-d0bf-4852-893b-aa8a23206100: 48 arrays, 83.9 MB stored; 1.0 s; peak memory 78 MiB.
2026-10-07T03:20:43Z INFO [179/200] 0044aa96-26fb-458b-accf-d00584cdbe52: 112 arrays, 0.5 MB stored; 1.1 s; peak memory 78 MiB.
2026-10-07T03:20:50Z INFO [180/200] 0044d8f5-8164-4c60-9bad-d9381650c92a: 396 arrays, 24.0 MB stored; 6.5 s; peak memory 79 MiB.
2026-10-07T03:20:50Z INFO [181/200] 0045a3b6-b14b-4e43-a3cd-87177648f292: 21 arrays, 0.6 MB stored; 0.8 s; peak memory 79 MiB.
2026-10-07T03:20:52Z INFO [182/200] 0045f535-2146-40dc-b356-85c3a28827c3: 112 arrays, 0.6 MB stored; 1.2 s; peak memory 79 MiB.
2026-10-07T03:21:00Z INFO [183/200] 0046283e-6c10-4f6a-8f58-4dfd5eae7a0d: 98 arrays, 158.1 MB stored; 7.9 s; peak memory 79 MiB.
2026-10-07T03:21:12Z INFO [184/200] 00466b69-8621-4ef7-afb0-2ef4ef9fd47d: 5330 arrays, 57.5 MB stored; 12.5 s; peak memory 85 MiB.
2026-10-07T03:21:13Z INFO [185/200] 0046d4c1-3247-442e-a9a2-a2a6e9b6c4d8: 112 arrays, 0.5 MB stored; 1.1 s; peak memory 85 MiB.
2026-10-07T03:21:15Z INFO [186/200] 00474d38-275b-477d-af22-675452149f60: 47 arrays, 70.7 MB stored; 1.3 s; peak memory 85 MiB.
2026-10-07T03:21:16Z INFO [187/200] 00488c5f-bb51-4391-b292-55320b6532cb: 64 arrays, 37.3 MB stored; 1.3 s; peak memory 85 MiB.
2026-10-07T03:21:17Z INFO [188/200] 0048a051-8b75-445c-ab92-1e11723bba0c: 48 arrays, 83.9 MB stored; 1.0 s; peak memory 85 MiB.
2026-10-07T03:21:18Z INFO [189/200] 0048b31a-f200-4800-996a-38315f7a30ec: 49 arrays, 1.5 MB stored; 1.1 s; peak memory 85 MiB.
2026-10-07T03:21:19Z INFO [190/200] 004911f9-cffe-4bda-b6c3-118f0531de61: 48 arrays, 83.9 MB stored; 1.1 s; peak memory 85 MiB.
2026-10-07T03:21:20Z INFO [191/200] 004932f0-9a63-4c53-a662-773b514f01f3: 45 arrays, 0.0 MB stored; 0.8 s; peak memory 85 MiB.
2026-10-07T03:21:21Z INFO [192/200] 004b1d92-9d2c-4d84-89be-6a835b2ae0ce: 48 arrays, 83.9 MB stored; 1.1 s; peak memory 86 MiB.
2026-10-07T03:21:23Z INFO [193/200] 004b2df1-27f2-4610-b873-ec1761a9ca2d: 168 arrays, 3.2 MB stored; 1.7 s; peak memory 86 MiB.
2026-10-07T03:21:24Z INFO [194/200] 004d2053-b7ae-4f04-b09e-c925d4bfd304: 48 arrays, 83.9 MB stored; 0.9 s; peak memory 86 MiB.
2026-10-07T03:21:25Z INFO [195/200] 004d588c-1ced-4ede-b32a-9b1e99daa801: 275 arrays, 17.2 MB stored; 1.1 s; peak memory 86 MiB.
2026-10-07T03:21:26Z INFO [196/200] 004d7b9b-ab7e-42ea-96d1-9193463f4256: 48 arrays, 83.9 MB stored; 1.0 s; peak memory 86 MiB.
2026-10-07T03:21:28Z INFO [197/200] 004d8b30-cc4a-4c74-b010-006e4c66776b: 106 arrays, 3004.1 MB stored; 2.5 s; peak memory 86 MiB.
2026-10-07T03:21:30Z INFO [198/200] 004dcca0-34c8-4b04-8229-bb49b3d00a29: 64 arrays, 99.1 MB stored; 1.5 s; peak memory 86 MiB.
2026-10-07T03:21:31Z INFO [199/200] 004defee-ab4b-46ae-bdf3-5d87f6b22648: 117 arrays, 0.5 MB stored; 1.1 s; peak memory 86 MiB.
2026-10-07T03:21:36Z INFO [200/200] 004e14b4-225e-4f4e-b890-618c871544e1: 196 arrays, 586.8 MB stored; 4.7 s; peak memory 86 MiB.
2026-10-07T03:21:36Z INFO [200/200] 004e14b4-225e-4f4e-b890-618c871544e1: checkpointed 200 records.
2026-10-07T03:21:36Z INFO Wrote 200 records to /tmp/derivatives/valid_nwb_file_to_array_sizes.jsonl (200 new, 0 failed) in 15.4 min (peak memory 90 MiB).
